Tracing test_no_probes.exe with process id 12271 failed. Process 12271 killed with signal -7.

