f:0
g:1
f:1
g:2
f:2
g:3
f:3
g:4
f:4
g:5
f:5
g:6
f:6
g:7
f:7
g:8
f:8
g:9
f:9
g:10
f:10
