Before is backtrace length > 2? true
After is backtrace length > 2? true
