1:
Raised by primitive operation at Dune__exe__Backtrace_in_handler_loop_no_probes.bt in file "test/terminating/backtrace_in_handler_loop_no_probes.ml", line 3, characters 38-67
Called from Dune__exe__Backtrace_in_handler_loop_no_probes.loop in file "test/terminating/backtrace_in_handler_loop_no_probes.ml", line 10, characters 6-18
Called from Dune__exe__Backtrace_in_handler_loop_no_probes.loop in file "test/terminating/backtrace_in_handler_loop_no_probes.ml", line 10, characters 6-18
Called from Dune__exe__Backtrace_in_handler_loop_no_probes.loop in file "test/terminating/backtrace_in_handler_loop_no_probes.ml", line 10, characters 6-18
Called from Dune__exe__Backtrace_in_handler_loop_no_probes.loop in file "test/terminating/backtrace_in_handler_loop_no_probes.ml", line 10, characters 6-18
Called from Dune__exe__Backtrace_in_handler_loop_no_probes.loop in file "test/terminating/backtrace_in_handler_loop_no_probes.ml", line 10, characters 6-18
Called from Dune__exe__Backtrace_in_handler_loop_no_probes.loop in file "test/terminating/backtrace_in_handler_loop_no_probes.ml", line 10, characters 6-18
Called from Dune__exe__Backtrace_in_handler_loop_no_probes.loop in file "test/terminating/backtrace_in_handler_loop_no_probes.ml", line 10, characters 6-18
Called from Dune__exe__Backtrace_in_handler_loop_no_probes.loop in file "test/terminating/backtrace_in_handler_loop_no_probes.ml", line 10, characters 6-18
Called from Dune__exe__Backtrace_in_handler_loop_no_probes.loop in file "test/terminating/backtrace_in_handler_loop_no_probes.ml" (inlined), line 10, characters 6-18
Called from Dune__exe__Backtrace_in_handler_loop_no_probes in file "test/terminating/backtrace_in_handler_loop_no_probes.ml", line 14, characters 2-9
2:
Raised by primitive operation at Dune__exe__Backtrace_in_handler_loop_no_probes.bt in file "test/terminating/backtrace_in_handler_loop_no_probes.ml", line 3, characters 38-67
Called from Dune__exe__Backtrace_in_handler_loop_no_probes.loop in file "test/terminating/backtrace_in_handler_loop_no_probes.ml", line 10, characters 6-18
Called from Dune__exe__Backtrace_in_handler_loop_no_probes.loop in file "test/terminating/backtrace_in_handler_loop_no_probes.ml", line 10, characters 6-18
Called from Dune__exe__Backtrace_in_handler_loop_no_probes.loop in file "test/terminating/backtrace_in_handler_loop_no_probes.ml", line 10, characters 6-18
Called from Dune__exe__Backtrace_in_handler_loop_no_probes.loop in file "test/terminating/backtrace_in_handler_loop_no_probes.ml", line 10, characters 6-18
Called from Dune__exe__Backtrace_in_handler_loop_no_probes.loop in file "test/terminating/backtrace_in_handler_loop_no_probes.ml", line 10, characters 6-18
Called from Dune__exe__Backtrace_in_handler_loop_no_probes.loop in file "test/terminating/backtrace_in_handler_loop_no_probes.ml", line 10, characters 6-18
Called from Dune__exe__Backtrace_in_handler_loop_no_probes.loop in file "test/terminating/backtrace_in_handler_loop_no_probes.ml", line 10, characters 6-18
Called from Dune__exe__Backtrace_in_handler_loop_no_probes.loop in file "test/terminating/backtrace_in_handler_loop_no_probes.ml" (inlined), line 10, characters 6-18
Called from Dune__exe__Backtrace_in_handler_loop_no_probes in file "test/terminating/backtrace_in_handler_loop_no_probes.ml", line 14, characters 2-9
3:
Raised by primitive operation at Dune__exe__Backtrace_in_handler_loop_no_probes.bt in file "test/terminating/backtrace_in_handler_loop_no_probes.ml", line 3, characters 38-67
Called from Dune__exe__Backtrace_in_handler_loop_no_probes.loop in file "test/terminating/backtrace_in_handler_loop_no_probes.ml", line 10, characters 6-18
Called from Dune__exe__Backtrace_in_handler_loop_no_probes.loop in file "test/terminating/backtrace_in_handler_loop_no_probes.ml", line 10, characters 6-18
Called from Dune__exe__Backtrace_in_handler_loop_no_probes.loop in file "test/terminating/backtrace_in_handler_loop_no_probes.ml", line 10, characters 6-18
Called from Dune__exe__Backtrace_in_handler_loop_no_probes.loop in file "test/terminating/backtrace_in_handler_loop_no_probes.ml", line 10, characters 6-18
Called from Dune__exe__Backtrace_in_handler_loop_no_probes.loop in file "test/terminating/backtrace_in_handler_loop_no_probes.ml", line 10, characters 6-18
Called from Dune__exe__Backtrace_in_handler_loop_no_probes.loop in file "test/terminating/backtrace_in_handler_loop_no_probes.ml", line 10, characters 6-18
Called from Dune__exe__Backtrace_in_handler_loop_no_probes.loop in file "test/terminating/backtrace_in_handler_loop_no_probes.ml" (inlined), line 10, characters 6-18
Called from Dune__exe__Backtrace_in_handler_loop_no_probes in file "test/terminating/backtrace_in_handler_loop_no_probes.ml", line 14, characters 2-9
4:
Raised by primitive operation at Dune__exe__Backtrace_in_handler_loop_no_probes.bt in file "test/terminating/backtrace_in_handler_loop_no_probes.ml", line 3, characters 38-67
Called from Dune__exe__Backtrace_in_handler_loop_no_probes.loop in file "test/terminating/backtrace_in_handler_loop_no_probes.ml", line 10, characters 6-18
Called from Dune__exe__Backtrace_in_handler_loop_no_probes.loop in file "test/terminating/backtrace_in_handler_loop_no_probes.ml", line 10, characters 6-18
Called from Dune__exe__Backtrace_in_handler_loop_no_probes.loop in file "test/terminating/backtrace_in_handler_loop_no_probes.ml", line 10, characters 6-18
Called from Dune__exe__Backtrace_in_handler_loop_no_probes.loop in file "test/terminating/backtrace_in_handler_loop_no_probes.ml", line 10, characters 6-18
Called from Dune__exe__Backtrace_in_handler_loop_no_probes.loop in file "test/terminating/backtrace_in_handler_loop_no_probes.ml", line 10, characters 6-18
Called from Dune__exe__Backtrace_in_handler_loop_no_probes.loop in file "test/terminating/backtrace_in_handler_loop_no_probes.ml" (inlined), line 10, characters 6-18
Called from Dune__exe__Backtrace_in_handler_loop_no_probes in file "test/terminating/backtrace_in_handler_loop_no_probes.ml", line 14, characters 2-9
5:
Raised by primitive operation at Dune__exe__Backtrace_in_handler_loop_no_probes.bt in file "test/terminating/backtrace_in_handler_loop_no_probes.ml", line 3, characters 38-67
Called from Dune__exe__Backtrace_in_handler_loop_no_probes.loop in file "test/terminating/backtrace_in_handler_loop_no_probes.ml", line 10, characters 6-18
Called from Dune__exe__Backtrace_in_handler_loop_no_probes.loop in file "test/terminating/backtrace_in_handler_loop_no_probes.ml", line 10, characters 6-18
Called from Dune__exe__Backtrace_in_handler_loop_no_probes.loop in file "test/terminating/backtrace_in_handler_loop_no_probes.ml", line 10, characters 6-18
Called from Dune__exe__Backtrace_in_handler_loop_no_probes.loop in file "test/terminating/backtrace_in_handler_loop_no_probes.ml", line 10, characters 6-18
Called from Dune__exe__Backtrace_in_handler_loop_no_probes.loop in file "test/terminating/backtrace_in_handler_loop_no_probes.ml" (inlined), line 10, characters 6-18
Called from Dune__exe__Backtrace_in_handler_loop_no_probes in file "test/terminating/backtrace_in_handler_loop_no_probes.ml", line 14, characters 2-9
6:
Raised by primitive operation at Dune__exe__Backtrace_in_handler_loop_no_probes.bt in file "test/terminating/backtrace_in_handler_loop_no_probes.ml", line 3, characters 38-67
Called from Dune__exe__Backtrace_in_handler_loop_no_probes.loop in file "test/terminating/backtrace_in_handler_loop_no_probes.ml", line 10, characters 6-18
Called from Dune__exe__Backtrace_in_handler_loop_no_probes.loop in file "test/terminating/backtrace_in_handler_loop_no_probes.ml", line 10, characters 6-18
Called from Dune__exe__Backtrace_in_handler_loop_no_probes.loop in file "test/terminating/backtrace_in_handler_loop_no_probes.ml", line 10, characters 6-18
Called from Dune__exe__Backtrace_in_handler_loop_no_probes.loop in file "test/terminating/backtrace_in_handler_loop_no_probes.ml" (inlined), line 10, characters 6-18
Called from Dune__exe__Backtrace_in_handler_loop_no_probes in file "test/terminating/backtrace_in_handler_loop_no_probes.ml", line 14, characters 2-9
7:
Raised by primitive operation at Dune__exe__Backtrace_in_handler_loop_no_probes.bt in file "test/terminating/backtrace_in_handler_loop_no_probes.ml", line 3, characters 38-67
Called from Dune__exe__Backtrace_in_handler_loop_no_probes.loop in file "test/terminating/backtrace_in_handler_loop_no_probes.ml", line 10, characters 6-18
Called from Dune__exe__Backtrace_in_handler_loop_no_probes.loop in file "test/terminating/backtrace_in_handler_loop_no_probes.ml", line 10, characters 6-18
Called from Dune__exe__Backtrace_in_handler_loop_no_probes.loop in file "test/terminating/backtrace_in_handler_loop_no_probes.ml" (inlined), line 10, characters 6-18
Called from Dune__exe__Backtrace_in_handler_loop_no_probes in file "test/terminating/backtrace_in_handler_loop_no_probes.ml", line 14, characters 2-9
8:
Raised by primitive operation at Dune__exe__Backtrace_in_handler_loop_no_probes.bt in file "test/terminating/backtrace_in_handler_loop_no_probes.ml", line 3, characters 38-67
Called from Dune__exe__Backtrace_in_handler_loop_no_probes.loop in file "test/terminating/backtrace_in_handler_loop_no_probes.ml", line 10, characters 6-18
Called from Dune__exe__Backtrace_in_handler_loop_no_probes.loop in file "test/terminating/backtrace_in_handler_loop_no_probes.ml" (inlined), line 10, characters 6-18
Called from Dune__exe__Backtrace_in_handler_loop_no_probes in file "test/terminating/backtrace_in_handler_loop_no_probes.ml", line 14, characters 2-9
9:
Raised by primitive operation at Dune__exe__Backtrace_in_handler_loop_no_probes.bt in file "test/terminating/backtrace_in_handler_loop_no_probes.ml", line 3, characters 38-67
Called from Dune__exe__Backtrace_in_handler_loop_no_probes.loop in file "test/terminating/backtrace_in_handler_loop_no_probes.ml" (inlined), line 10, characters 6-18
Called from Dune__exe__Backtrace_in_handler_loop_no_probes in file "test/terminating/backtrace_in_handler_loop_no_probes.ml", line 14, characters 2-9
10:
Raised by primitive operation at Dune__exe__Backtrace_in_handler_loop_no_probes.bt in file "test/terminating/backtrace_in_handler_loop_no_probes.ml" (inlined), line 3, characters 38-67
Called from Dune__exe__Backtrace_in_handler_loop_no_probes.loop in file "test/terminating/backtrace_in_handler_loop_no_probes.ml" (inlined), line 11, characters 6-10
Called from Dune__exe__Backtrace_in_handler_loop_no_probes in file "test/terminating/backtrace_in_handler_loop_no_probes.ml", line 14, characters 2-9
