h: 1 0.000000 myau
total = 0.000000after foo 1 0.000000 1.000000
h: 5 0.666667 myau
total = 0.000000after foo 5 0.666667 5.666667
h: 21 0.615385 myau
total = 0.000000after foo 21 0.615385 21.615385
h: 89 0.618182 myau
total = 0.000000after foo 89 0.618182 89.618182
h: 377 0.618026 myau
total = 0.000000after foo 377 0.618026 377.618026
h: 1597 0.618034 myau
total = 0.000000after foo 1597 0.618034 1597.618034
h: 6765 0.618034 myau
total = 0.000000after foo 6765 0.618034 6765.618034
h: 28657 0.618034 myau
total = 0.000000after foo 28657 0.618034 28657.618034
h: 121393 0.618034 myau
total = 0.000000after foo 121393 0.618034 121393.618034
h: 514229 0.618034 myau
total = 0.000000after foo 514229 0.618034 514229.618034
h: 2178309 0.618034 myau
total = 0.000000after foo 2178309 0.618034 2178309.618034
h: 9227465 0.618034 myau
total = 0.000000after foo 9227465 0.618034 9227465.618034
h: 39088169 0.618034 myau
total = 0.000000after foo 39088169 0.618034 39088169.618034
h: 165580141 0.618034 myau
total = 0.000000after foo 165580141 0.618034 165580141.618034
h: 701408733 0.618034 myau
total = 0.000000after foo 701408733 0.618034 701408733.618034
h: 2971215073 0.618034 myau
total = 0.000000after foo 2971215073 0.618034 2971215073.618034
h: 12586269025 0.618034 myau
total = 0.000000after foo 12586269025 0.618034 12586269025.618034
h: 53316291173 0.618034 myau
total = 0.000000after foo 53316291173 0.618034 53316291173.618034
h: 225851433717 0.618034 myau
total = 0.000000after foo 225851433717 0.618034 225851433717.618042
h: 956722026041 0.618034 myau
total = 0.000000after foo 956722026041 0.618034 956722026041.618042
h: 4052739537881 0.618034 myau
total = 0.000000after foo 4052739537881 0.618034 4052739537881.618164
h: 17167680177565 0.618034 myau
total = 0.000000after foo 17167680177565 0.618034 17167680177565.617188
h: 72723460248141 0.618034 myau
total = 0.000000after foo 72723460248141 0.618034 72723460248141.625000
h: 308061521170129 0.618034 myau
total = 0.000000after foo 308061521170129 0.618034 308061521170129.625000
h: 1304969544928657 0.618034 myau
total = 6180.339887after foo 1304969544928657 0.618034 1304969544928657.500000
h: 5527939700884757 0.618034 myau
total = 6180.339887after foo 5527939700884757 0.618034 5527939700884758.000000
h: 23416728348467685 0.618034 myau
total = 6180.339887after foo 23416728348467685 0.618034 23416728348467684.000000
h: 99194853094755497 0.618034 myau
total = 6180.339887after foo 99194853094755497 0.618034 99194853094755504.000000
h: 420196140727489673 0.618034 myau
total = 6180.339887after foo 420196140727489673 0.618034 420196140727489664.000000
h: 1779979416004714189 0.618034 myau
total = 6180.339887after foo 1779979416004714189 0.618034 1779979416004714240.000000
h: -1683258232108429379 -0.631133 myau
total = -6311.334225after foo -1683258232108429379 -0.631133 -1683258232108429312.000000
