after foo 1 0.000000 1.000000
after foo 5 0.666667 5.666667
after foo 21 0.615385 21.615385
after foo 89 0.618182 89.618182
after foo 377 0.618026 377.618026
after foo 1597 0.618034 1597.618034
after foo 6765 0.618034 6765.618034
after foo 28657 0.618034 28657.618034
after foo 121393 0.618034 121393.618034
after foo 514229 0.618034 514229.618034
after foo 2178309 0.618034 2178309.618034
after foo 9227465 0.618034 9227465.618034
after foo 39088169 0.618034 39088169.618034
after foo 165580141 0.618034 165580141.618034
after foo 701408733 0.618034 701408733.618034
after foo 2971215073 0.618034 2971215073.618034
after foo 12586269025 0.618034 12586269025.618034
after foo 53316291173 0.618034 53316291173.618034
after foo 225851433717 0.618034 225851433717.618042
after foo 956722026041 0.618034 956722026041.618042
after foo 4052739537881 0.618034 4052739537881.618164
after foo 17167680177565 0.618034 17167680177565.617188
after foo 72723460248141 0.618034 72723460248141.625000
after foo 308061521170129 0.618034 308061521170129.625000
after foo 1304969544928657 0.618034 1304969544928657.500000
after foo 5527939700884757 0.618034 5527939700884758.000000
after foo 23416728348467685 0.618034 23416728348467684.000000
after foo 99194853094755497 0.618034 99194853094755504.000000
after foo 420196140727489673 0.618034 420196140727489664.000000
after foo 1779979416004714189 0.618034 1779979416004714240.000000
after foo -1683258232108429379 -0.631133 -1683258232108429312.000000
