handler test1:25
test 25
handler inside:0 1 2 3 4 5 6 7 8 9 10 11 12 13 14 15 16 1
handler outside:0 1 2 2 4 4 6 6 8 8 8 10 10 12 12 14 14 1
test 1
