test 25
handler outside:0 1 2 2 4 4 6 6 8 8 8 10 10 12 12 14 14 1
test 1
