from foo 1 0.000000
from foo 5 0.666667
from foo 21 0.615385
from foo 89 0.618182
from foo 377 0.618026
from foo 1597 0.618034
from foo 6765 0.618034
from foo 28657 0.618034
from foo 121393 0.618034
from foo 514229 0.618034
from foo 2178309 0.618034
from foo 9227465 0.618034
from foo 39088169 0.618034
from foo 165580141 0.618034
from foo 701408733 0.618034
from foo 2971215073 0.618034
from foo 12586269025 0.618034
from foo 53316291173 0.618034
from foo 225851433717 0.618034
from foo 956722026041 0.618034
from foo 4052739537881 0.618034
from foo 17167680177565 0.618034
from foo 72723460248141 0.618034
from foo 308061521170129 0.618034
from foo 1304969544928657 0.618034
from foo 5527939700884757 0.618034
from foo 23416728348467685 0.618034
from foo 99194853094755497 0.618034
from foo 420196140727489673 0.618034
from foo 1779979416004714189 0.618034
from foo -1683258232108429379 -0.631133
