inside foo
inside bar
inside foo after probe
after
